// Jest Snapshot v1, https://goo.gl/fbAQLP

exports[`<Field /> should render a <Field /> component 1`] = `
<div
  data-css-vbwgzr=""
>
  <label
    data-css-1luuo4y=""
    htmlFor="formData"
  >
    Name
  </label>
  <input
    data-css-14dfslc=""
    name="formData"
    onChange={[Function]}
    type="text"
    value="Vu Tran"
  />
</div>
`;
