// Jest Snapshot v1, https://goo.gl/fbAQLP

exports[`should render a <Form /> component 1`] = `
<form
  onSubmit={[Function]}
>
  <div
    style={
      Object {
        "marginBottom": 15,
      }
    }
  >
    <div
      style={
        Object {
          "marginBottom": 15,
        }
      }
    >
      <div
        data-css-vbwgzr=""
      >
        <label
          data-css-1luuo4y=""
          htmlFor="formData.firstName"
        />
        <input
          data-css-14dfslc=""
          name="formData.firstName"
          onChange={[Function]}
          type="text"
          value="Vu"
        />
      </div>
    </div>
    <div
      style={
        Object {
          "marginBottom": 15,
        }
      }
    >
      <div
        data-css-vbwgzr=""
      >
        <label
          data-css-1luuo4y=""
          htmlFor="formData.lastName"
        />
        <input
          data-css-14dfslc=""
          name="formData.lastName"
          onChange={[Function]}
          type="text"
          value="Tran"
        />
      </div>
    </div>
  </div>
</form>
`;
